path                 ./results/vit-base_cifar100
gpu                  0
manual_seed          42
model_name           vit-base
dataset              cifar100
train_batch_size     128
test_batch_size      128
rf                   4
npop                 6
n_generation         1
mutation_sigma       8.0
reward_beta          30.0
test_device          split
init_lr              0.0001
lr_schedule_type     no
opt_type             adam
momentum             0.9
no_nesterov          False
weight_decay         0
label_smoothing      0.0
no_decay_keys        None
n_epochs             10
print_frequency      100
validation_frequency 1
n_worker             4
/home/md043797/PrivLST/CCS_Artifacts/artifact1_nas/.data/
Files already downloaded and verified
/home/md043797/PrivLST/CCS_Artifacts/my_venv_cuda/lib/python3.12/site-packages/torchvision/datasets/cifar.py:83: VisibleDeprecationWarning: dtype(): align should be passed as Python or NumPy boolean but got `align=0`. Did you mean to pass a tuple to create a subarray type? (Deprecated NumPy 2.4)
  entry = pickle.load(f, encoding="latin1")
/home/md043797/PrivLST/CCS_Artifacts/artifact1_nas/.data/
Files already downloaded and verified
build data loader for: cifar100
test loader: 128 * 78
train loader: 128 * 390
/home/md043797/PrivLST/CCS_Artifacts/artifact1_nas/../shared/models/lst_vit/base_model.py:74: FutureWarning: You are using `torch.load` with `weights_only=False` (the current default value), which uses the default pickle module implicitly. It is possible to construct malicious pickle data which will execute arbitrary code during unpickling (See https://github.com/pytorch/pytorch/blob/main/SECURITY.md#untrusted-models for more details). In a future release, the default value for `weights_only` will be flipped to `True`. This limits the functions that could be executed during unpickling. Arbitrary objects will no longer be allowed to be loaded via this mode unless they are explicitly allowlisted by the user via `torch.serialization.add_safe_globals`. We recommend you start setting `weights_only=True` for any use case where you don't have full control of the loaded file. Please open an issue on GitHub for any issues related to this experimental feature.
  self.backbone.load_state_dict(torch.load(_local_ckpt))
reward beta: 30.0, rf_level: 2, rf_anchor: follow
channels_last: False
host: mammoth, device: split
immigrants_frac: 0.25
Dataset:  cifar100
Generation 1/1  (sigma=8.00)
==================================================Genetic Algorithm==================================================

==================================================[backbone] cfg 1==================================================
cfg: 1: {'connection': [7, 7, 7, 7, 6, 6, 6, 7, 7, 6, 7, 7, 7], 'side': [7, 7, 7, 7, 6, 6, 6, 7, 7, 6, 7, 7], 'upsample': 3, 'all': [7, 7, 7, 7, 6, 6, 6, 7, 7, 6, 7, 7, 7, 7, 7, 7, 7, 6, 6, 6, 7, 7, 6, 7, 7, 3], 'rf_conn_idx': [3, 3, 3, 3, 3, 3, 3, 3, 3, 3, 3, 3, 3], 'rf_side_idx': [3, 3, 3, 3, 3, 3, 3, 3, 3, 3, 3, 3], 'connection_init': [1, 1, 1, 1, 0, 0, 0, 1, 1, 0, 1, 1, 1], 'side_init': [1, 1, 1, 1, 0, 0, 0, 1, 1, 0, 1, 1]}
/home/md043797/PrivLST/CCS_Artifacts/my_venv_cuda/lib/python3.12/site-packages/torch/autograd/graph.py:825: UserWarning: Attempting to run cuBLAS, but there was no current CUDA context! Attempting to set the primary context... (Triggered internally at ../aten/src/ATen/cuda/CublasHandlePool.cpp:135.)
  return Variable._execution_engine.run_backward(  # Calls into the C++ engine to run the backward pass
[backbone] split fixed mode: 1 thread(s) (same=False)
[backbone] allowed CPU pool: [24]
allocate shm tensor dict_keys(['x', 'f0', 'f1', 'f2', 'f3', 'f7', 'f8', 'f10', 'f11'])
[backbone]: final latency: 303.96 ms ± 1.64 ms
score:  10.24, latency:  303.96, delta score: -14.6%, delta latency:  26.7%, reward: -3.16
==================================================[backbone] cfg 2==================================================
cfg: 2: {'connection': [5, 5, 5, 4, 5, 4, 5, 5, 4, 5, 5, 5, 5], 'side': [5, 5, 5, 5, 5, 4, 5, 5, 4, 5, 5, 5], 'upsample': 2, 'all': [5, 5, 5, 4, 5, 4, 5, 5, 4, 5, 5, 5, 5, 5, 5, 5, 5, 5, 4, 5, 5, 4, 5, 5, 5, 2], 'rf_conn_idx': [2, 2, 2, 2, 2, 2, 2, 2, 2, 2, 2, 2, 2], 'rf_side_idx': [2, 2, 2, 2, 2, 2, 2, 2, 2, 2, 2, 2], 'connection_init': [1, 1, 1, 0, 1, 0, 1, 1, 0, 1, 1, 1, 1], 'side_init': [1, 1, 1, 1, 1, 0, 1, 1, 0, 1, 1, 1]}
allocate shm tensor dict_keys(['x', 'f0', 'f1', 'f2', 'f4', 'f6', 'f7', 'f9', 'f10', 'f11'])
[backbone]: final latency: 416.24 ms ± 3.28 ms
score:  11.16, latency:  416.24, delta score: -7.0%, delta latency:  73.4%, reward: -1.69
==================================================[backbone] cfg 3==================================================
cfg: 3: {'connection': [1, 1, 1, 1, 0, 1, 1, 1, 1, 0, 1, 1, 1], 'side': [1, 1, 1, 1, 0, 1, 1, 1, 1, 0, 1, 1], 'upsample': 0, 'all': [1, 1, 1, 1, 0, 1, 1, 1, 1, 0, 1, 1, 1, 1, 1, 1, 1, 0, 1, 1, 1, 1, 0, 1, 1, 0], 'rf_conn_idx': [0, 0, 0, 0, 0, 0, 0, 0, 0, 0, 0, 0, 0], 'rf_side_idx': [0, 0, 0, 0, 0, 0, 0, 0, 0, 0, 0, 0], 'connection_init': [1, 1, 1, 1, 0, 1, 1, 1, 1, 0, 1, 1, 1], 'side_init': [1, 1, 1, 1, 0, 1, 1, 1, 1, 0, 1, 1]}
allocate shm tensor dict_keys(['x', 'f0', 'f1', 'f2', 'f3', 'f5', 'f6', 'f7', 'f8', 'f10', 'f11'])
[backbone]: final latency: 1409.76 ms ± 91.15 ms
score:  12.63, latency:  1409.76, delta score:  5.3%, delta latency:  487.4%, reward: -0.35
==================================================[backbone] cfg 4==================================================
cfg: 4: {'connection': [7, 7, 7, 7, 6, 7, 7, 7, 7, 6, 7, 7, 7], 'side': [7, 7, 7, 7, 7, 7, 7, 7, 7, 7, 7, 7], 'upsample': 3, 'all': [7, 7, 7, 7, 6, 7, 7, 7, 7, 6, 7, 7, 7, 7, 7, 7, 7, 7, 7, 7, 7, 7, 7, 7, 7, 3], 'rf_conn_idx': [3, 3, 3, 3, 3, 3, 3, 3, 3, 3, 3, 3, 3], 'rf_side_idx': [3, 3, 3, 3, 3, 3, 3, 3, 3, 3, 3, 3], 'connection_init': [1, 1, 1, 1, 0, 1, 1, 1, 1, 0, 1, 1, 1], 'side_init': [1, 1, 1, 1, 1, 1, 1, 1, 1, 1, 1, 1]}
allocate shm tensor dict_keys(['x', 'f0', 'f1', 'f2', 'f3', 'f5', 'f6', 'f7', 'f8', 'f10', 'f11'])
[backbone]: final latency: 410.14 ms ± 1.42 ms
score:  10.64, latency:  410.14, delta score: -11.3%, delta latency:  70.9%, reward: -2.59
==================================================[backbone] cfg 5==================================================
cfg: 5: {'connection': [0, 1, 1, 1, 1, 1, 1, 0, 1, 0, 0, 1, 1], 'side': [0, 1, 1, 1, 1, 1, 1, 1, 1, 0, 1, 1], 'upsample': 0, 'all': [0, 1, 1, 1, 1, 1, 1, 0, 1, 0, 0, 1, 1, 0, 1, 1, 1, 1, 1, 1, 1, 1, 0, 1, 1, 0], 'rf_conn_idx': [0, 0, 0, 0, 0, 0, 0, 0, 0, 0, 0, 0, 0], 'rf_side_idx': [0, 0, 0, 0, 0, 0, 0, 0, 0, 0, 0, 0], 'connection_init': [0, 1, 1, 1, 1, 1, 1, 0, 1, 0, 0, 1, 1], 'side_init': [0, 1, 1, 1, 1, 1, 1, 1, 1, 0, 1, 1]}
allocate shm tensor dict_keys(['x', 'f1', 'f2', 'f3', 'f4', 'f5', 'f6', 'f8', 'f11'])
[backbone]: final latency: 1393.78 ms ± 64.30 ms
score:  12.51, latency:  1393.78, delta score:  4.2%, delta latency:  480.7%, reward: -0.55
==================================================[backbone] cfg 6==================================================
cfg: 6: {'connection': [3, 2, 2, 3, 3, 3, 3, 3, 3, 3, 3, 3, 3], 'side': [3, 2, 2, 3, 3, 3, 3, 3, 3, 3, 3, 3], 'upsample': 1, 'all': [3, 2, 2, 3, 3, 3, 3, 3, 3, 3, 3, 3, 3, 3, 2, 2, 3, 3, 3, 3, 3, 3, 3, 3, 3, 1], 'rf_conn_idx': [1, 1, 1, 1, 1, 1, 1, 1, 1, 1, 1, 1, 1], 'rf_side_idx': [1, 1, 1, 1, 1, 1, 1, 1, 1, 1, 1, 1], 'connection_init': [1, 0, 0, 1, 1, 1, 1, 1, 1, 1, 1, 1, 1], 'side_init': [1, 0, 0, 1, 1, 1, 1, 1, 1, 1, 1, 1]}
allocate shm tensor dict_keys(['x', 'f0', 'f3', 'f4', 'f5', 'f6', 'f7', 'f8', 'f9', 'f10', 'f11'])
[backbone]: final latency: 834.30 ms ± 64.18 ms
score:  12.00, latency:  834.30, delta score:  0.0%, delta latency:  247.6%, reward: -0.74
  [GA] time=132.106s  mean_reward=-1.5130  best=-0.3532
  [Best@Gen] reward=-0.3532, score=12.6337, latency=1409.758178
trend of nas score and latency: [[(1e-06, 0.26650530000000006, {'score': np.float64(10.242181656427718), 'latency': 303.961272}), (1e-06, 0.7343135000000002, {'score': np.float64(11.160115795033633), 'latency': 416.23524000000003}), (np.float64(0.05280945663014943), 4.873992408333334, {'score': np.float64(12.633713479561793), 'latency': 1409.758178}), (1e-06, 0.7089263499999999, {'score': np.float64(10.640535942902607), 'latency': 410.142324}), (np.float64(0.04241117413984533), 4.807417851388889, {'score': np.float64(12.508934089678144), 'latency': 1393.7802843333334}), (np.float64(0.0003559719540075316), 2.4762368458333333, {'score': np.float64(12.00427166344809), 'latency': 834.296843})]]
HOF net_info list: [{'score': np.float64(10.242181656427718), 'latency': 303.961272}, {'score': np.float64(11.160115795033633), 'latency': 416.23524000000003}, {'score': np.float64(12.633713479561793), 'latency': 1409.758178}, {'score': np.float64(10.640535942902607), 'latency': 410.142324}, {'score': np.float64(12.508934089678144), 'latency': 1393.7802843333334}, {'score': np.float64(12.00427166344809), 'latency': 834.296843}]
final config init: {'rf_conn_idx': [0, 0, 0, 0, 0, 0, 0, 0, 0, 0, 0, 0, 0], 'rf_side_idx': [0, 0, 0, 0, 0, 0, 0, 0, 0, 0, 0, 0], 'connection_init': [1, 1, 1, 1, 0, 1, 1, 1, 1, 0, 1, 0, 1], 'side_init': [1, 1, 1, 1, 0, 1, 1, 1, 1, 0, 1, 1], 'upsample': 0}
final config: {'connection': [1, 1, 1, 1, 0, 1, 1, 1, 1, 0, 1, 1, 1], 'side': [1, 1, 1, 1, 0, 1, 1, 1, 1, 0, 1, 1], 'upsample': 0, 'all': [1, 1, 1, 1, 0, 1, 1, 1, 1, 0, 1, 1, 1, 1, 1, 1, 1, 0, 1, 1, 1, 1, 0, 1, 1, 0], 'rf_conn_idx': [0, 0, 0, 0, 0, 0, 0, 0, 0, 0, 0, 0, 0], 'rf_side_idx': [0, 0, 0, 0, 0, 0, 0, 0, 0, 0, 0, 0], 'connection_init': [1, 1, 1, 1, 0, 1, 1, 1, 1, 0, 1, 1, 1], 'side_init': [1, 1, 1, 1, 0, 1, 1, 1, 1, 0, 1, 1]}
[GLOBAL BEST] reward=-0.3532, score=12.6337, latency=1409.758178
HOF size=6 saved to hall_of_fame.json
best config: {'connection': [1, 1, 1, 1, 0, 1, 1, 1, 1, 0, 1, 1, 1], 'side': [1, 1, 1, 1, 0, 1, 1, 1, 1, 0, 1, 1], 'upsample': 0, 'all': [1, 1, 1, 1, 0, 1, 1, 1, 1, 0, 1, 1, 1, 1, 1, 1, 1, 0, 1, 1, 1, 1, 0, 1, 1, 0], 'rf_conn_idx': [0, 0, 0, 0, 0, 0, 0, 0, 0, 0, 0, 0, 0], 'rf_side_idx': [0, 0, 0, 0, 0, 0, 0, 0, 0, 0, 0, 0], 'connection_init': [1, 1, 1, 1, 0, 1, 1, 1, 1, 0, 1, 1, 1], 'side_init': [1, 1, 1, 1, 0, 1, 1, 1, 1, 0, 1, 1]}

[NAS] best config: {'connection': [1, 1, 1, 1, 0, 1, 1, 1, 1, 0, 1, 1, 1], 'side': [1, 1, 1, 1, 0, 1, 1, 1, 1, 0, 1, 1], 'upsample': 0, 'all': [1, 1, 1, 1, 0, 1, 1, 1, 1, 0, 1, 1, 1, 1, 1, 1, 1, 0, 1, 1, 1, 1, 0, 1, 1, 0], 'rf_conn_idx': [0, 0, 0, 0, 0, 0, 0, 0, 0, 0, 0, 0, 0], 'rf_side_idx': [0, 0, 0, 0, 0, 0, 0, 0, 0, 0, 0, 0], 'connection_init': [1, 1, 1, 1, 0, 1, 1, 1, 1, 0, 1, 1, 1], 'side_init': [1, 1, 1, 1, 0, 1, 1, 1, 1, 0, 1, 1]}
