path                 ./results/resnet_cifar10
gpu                  0
manual_seed          42
model_name           resnet
dataset              cifar10
train_batch_size     128
test_batch_size      128
rf                   4
npop                 6
n_generation         1
mutation_sigma       8.0
reward_beta          30.0
test_device          split
init_lr              0.0001
lr_schedule_type     no
opt_type             adam
momentum             0.9
no_nesterov          False
weight_decay         0
label_smoothing      0.0
no_decay_keys        None
n_epochs             10
print_frequency      100
validation_frequency 1
n_worker             4
image preprocessing finished
Files already downloaded and verified
/home/md043797/PrivLST/CCS_Artifacts/my_venv_cuda/lib/python3.12/site-packages/torchvision/datasets/cifar.py:83: VisibleDeprecationWarning: dtype(): align should be passed as Python or NumPy boolean but got `align=0`. Did you mean to pass a tuple to create a subarray type? (Deprecated NumPy 2.4)
  entry = pickle.load(f, encoding="latin1")
Files already downloaded and verified
build data loader for: cifar10
test loader: 128 * 78
train loader: 128 * 390
reward beta: 30.0, rf_level: 2, rf_anchor: follow
channels_last: True
host: mammoth, device: split
immigrants_frac: 0.25
Dataset:  cifar10
Generation 1/1  (sigma=8.00)
==================================================Genetic Algorithm==================================================

==================================================[backbone] cfg 1==================================================
cfg: 1: {'connection': [3, 3, 3, 3, 3, 3, 3, 2, 3, 3, 3, 2, 3, 3, 3, 3, 3, 3], 'side': [3, 3, 3, 3, 3, 3, 3, 3, 3, 3, 3, 2, 3, 3, 3, 3, 3, 3, 3, 3], 'upsample': 1, 'all': [3, 3, 3, 3, 3, 3, 3, 2, 3, 3, 3, 2, 3, 3, 3, 3, 3, 3, 3, 3, 3, 3, 3, 3, 3, 3, 3, 3, 3, 2, 3, 3, 3, 3, 3, 3, 3, 3, 1], 'rf_conn_idx': [1, 1, 1, 1, 1, 1, 1, 1, 1, 1, 1, 1, 1, 1, 1, 1, 1, 1], 'rf_side_idx': [1, 1, 1, 1, 1, 1, 1, 1, 1, 1, 1, 1, 1, 1, 1, 1, 1, 1, 1, 1], 'connection_init': [1, 1, 1, 1, 1, 1, 1, 0, 1, 1, 1, 0, 1, 1, 1, 1, 1, 1], 'side_init': [1, 1, 1, 1, 1, 1, 1, 1, 1, 1, 1, 0, 1, 1, 1, 1, 1, 1, 1, 1]}
Net init weight
/home/md043797/PrivLST/CCS_Artifacts/my_venv_cuda/lib/python3.12/site-packages/torchvision/models/_utils.py:208: UserWarning: The parameter 'pretrained' is deprecated since 0.13 and may be removed in the future, please use 'weights' instead.
  warnings.warn(
/home/md043797/PrivLST/CCS_Artifacts/my_venv_cuda/lib/python3.12/site-packages/torchvision/models/_utils.py:223: UserWarning: Arguments other than a weight enum or `None` for 'weights' are deprecated since 0.13 and may be removed in the future. The current behavior is equivalent to passing `weights=ResNet18_Weights.IMAGENET1K_V1`. You can also use `weights=ResNet18_Weights.DEFAULT` to get the most up-to-date weights.
  warnings.warn(msg)
ResNet-LST backbone initialized from torchvision ResNet18 (120 tensors loaded)
/home/md043797/PrivLST/CCS_Artifacts/my_venv_cuda/lib/python3.12/site-packages/torch/nn/modules/module.py:1827: FutureWarning: Using a non-full backward hook when the forward contains multiple autograd Nodes is deprecated and will be removed in future versions. This hook will be missing some grad_input. Please use register_full_backward_hook to get the documented behavior.
  self._maybe_warn_non_full_backward_hook(args, result, grad_fn)
/home/md043797/PrivLST/CCS_Artifacts/my_venv_cuda/lib/python3.12/site-packages/torch/autograd/graph.py:825: UserWarning: Attempting to run cuBLAS, but there was no current CUDA context! Attempting to set the primary context... (Triggered internally at ../aten/src/ATen/cuda/CublasHandlePool.cpp:135.)
  return Variable._execution_engine.run_backward(  # Calls into the C++ engine to run the backward pass
[backbone] split fixed mode: 1 thread(s) (same=False)
[backbone] allowed CPU pool: [24]
allocate shm tensor dict_keys(['x', 'f0', 'f1', 'f2', 'f3', 'f4', 'f5', 'f6', 'f8', 'f9', 'f10', 'f12', 'f13', 'f14', 'f15', 'f16'])
[backbone]: final latency: 21.60 ms ± 0.05 ms
score:  10.07, latency:  21.60, delta score: -5.0%, delta latency:  1036.6%, reward: -4.16
==================================================[backbone] cfg 2==================================================
cfg: 2: {'connection': [9, 8, 9, 8, 9, 9, 8, 9, 9, 8, 9, 9, 9, 8, 9, 9, 9, 9], 'side': [9, 9, 9, 9, 9, 9, 8, 9, 9, 8, 9, 9, 9, 8, 9, 9, 9, 9, 9, 9], 'upsample': 4, 'all': [9, 8, 9, 8, 9, 9, 8, 9, 9, 8, 9, 9, 9, 8, 9, 9, 9, 9, 9, 9, 9, 9, 9, 9, 8, 9, 9, 8, 9, 9, 9, 8, 9, 9, 9, 9, 9, 9, 4], 'rf_conn_idx': [4, 4, 4, 4, 4, 4, 4, 4, 4, 4, 4, 4, 4, 4, 4, 4, 4, 4], 'rf_side_idx': [4, 4, 4, 4, 4, 4, 4, 4, 4, 4, 4, 4, 4, 4, 4, 4, 4, 4, 4, 4], 'connection_init': [1, 0, 1, 0, 1, 1, 0, 1, 1, 0, 1, 1, 1, 0, 1, 1, 1, 1], 'side_init': [1, 1, 1, 1, 1, 1, 0, 1, 1, 0, 1, 1, 1, 0, 1, 1, 1, 1, 1, 1]}
Net init weight
ResNet-LST backbone initialized from torchvision ResNet18 (120 tensors loaded)
allocate shm tensor dict_keys(['x', 'f0', 'f2', 'f4', 'f5', 'f7', 'f8', 'f10', 'f11', 'f12', 'f14', 'f15', 'f16'])
[backbone]: final latency: 17.74 ms ± 0.10 ms
score:  9.89, latency:  17.74, delta score: -6.7%, delta latency:  833.8%, reward: -3.91
==================================================[backbone] cfg 3==================================================
cfg: 3: {'connection': [5, 5, 5, 5, 5, 5, 5, 5, 5, 5, 5, 5, 5, 5, 4, 5, 5, 5], 'side': [5, 5, 5, 5, 5, 5, 5, 5, 5, 5, 5, 5, 5, 5, 4, 5, 5, 5, 5, 5], 'upsample': 2, 'all': [5, 5, 5, 5, 5, 5, 5, 5, 5, 5, 5, 5, 5, 5, 4, 5, 5, 5, 5, 5, 5, 5, 5, 5, 5, 5, 5, 5, 5, 5, 5, 5, 4, 5, 5, 5, 5, 5, 2], 'rf_conn_idx': [2, 2, 2, 2, 2, 2, 2, 2, 2, 2, 2, 2, 2, 2, 2, 2, 2, 2], 'rf_side_idx': [2, 2, 2, 2, 2, 2, 2, 2, 2, 2, 2, 2, 2, 2, 2, 2, 2, 2, 2, 2], 'connection_init': [1, 1, 1, 1, 1, 1, 1, 1, 1, 1, 1, 1, 1, 1, 0, 1, 1, 1], 'side_init': [1, 1, 1, 1, 1, 1, 1, 1, 1, 1, 1, 1, 1, 1, 0, 1, 1, 1, 1, 1]}
Net init weight
ResNet-LST backbone initialized from torchvision ResNet18 (120 tensors loaded)
allocate shm tensor dict_keys(['x', 'f0', 'f1', 'f2', 'f3', 'f4', 'f5', 'f6', 'f7', 'f8', 'f9', 'f10', 'f11', 'f12', 'f13', 'f15', 'f16'])
[backbone]: final latency: 23.48 ms ± 0.04 ms
score:  9.96, latency:  23.48, delta score: -6.0%, delta latency:  1135.9%, reward: -4.67
==================================================[backbone] cfg 4==================================================
cfg: 4: {'connection': [7, 7, 6, 7, 7, 7, 6, 7, 7, 6, 6, 7, 7, 7, 7, 6, 7, 7], 'side': [7, 7, 6, 7, 7, 7, 7, 7, 7, 6, 6, 7, 7, 7, 7, 7, 7, 7, 7, 7], 'upsample': 3, 'all': [7, 7, 6, 7, 7, 7, 6, 7, 7, 6, 6, 7, 7, 7, 7, 6, 7, 7, 7, 7, 6, 7, 7, 7, 7, 7, 7, 6, 6, 7, 7, 7, 7, 7, 7, 7, 7, 7, 3], 'rf_conn_idx': [3, 3, 3, 3, 3, 3, 3, 3, 3, 3, 3, 3, 3, 3, 3, 3, 3, 3], 'rf_side_idx': [3, 3, 3, 3, 3, 3, 3, 3, 3, 3, 3, 3, 3, 3, 3, 3, 3, 3, 3, 3], 'connection_init': [1, 1, 0, 1, 1, 1, 0, 1, 1, 0, 0, 1, 1, 1, 1, 0, 1, 1], 'side_init': [1, 1, 0, 1, 1, 1, 1, 1, 1, 0, 0, 1, 1, 1, 1, 1, 1, 1, 1, 1]}
Net init weight
ResNet-LST backbone initialized from torchvision ResNet18 (120 tensors loaded)
allocate shm tensor dict_keys(['x', 'f0', 'f1', 'f3', 'f4', 'f5', 'f7', 'f8', 'f11', 'f12', 'f13', 'f14', 'f16'])
[backbone]: final latency: 19.12 ms ± 0.04 ms
score:  9.90, latency:  19.12, delta score: -6.6%, delta latency:  906.1%, reward: -4.10
==================================================[backbone] cfg 5==================================================
cfg: 5: {'connection': [9, 9, 9, 8, 9, 9, 9, 9, 8, 9, 9, 8, 8, 9, 8, 9, 9, 9], 'side': [9, 9, 9, 9, 9, 9, 9, 9, 9, 9, 9, 9, 9, 9, 9, 9, 9, 9, 9, 9], 'upsample': 4, 'all': [9, 9, 9, 8, 9, 9, 9, 9, 8, 9, 9, 8, 8, 9, 8, 9, 9, 9, 9, 9, 9, 9, 9, 9, 9, 9, 9, 9, 9, 9, 9, 9, 9, 9, 9, 9, 9, 9, 4], 'rf_conn_idx': [4, 4, 4, 4, 4, 4, 4, 4, 4, 4, 4, 4, 4, 4, 4, 4, 4, 4], 'rf_side_idx': [4, 4, 4, 4, 4, 4, 4, 4, 4, 4, 4, 4, 4, 4, 4, 4, 4, 4, 4, 4], 'connection_init': [1, 1, 1, 0, 1, 1, 1, 1, 0, 1, 1, 0, 0, 1, 0, 1, 1, 1], 'side_init': [1, 1, 1, 1, 1, 1, 1, 1, 1, 1, 1, 1, 1, 1, 1, 1, 1, 1, 1, 1]}
Net init weight
ResNet-LST backbone initialized from torchvision ResNet18 (120 tensors loaded)
allocate shm tensor dict_keys(['x', 'f0', 'f1', 'f2', 'f4', 'f5', 'f6', 'f7', 'f9', 'f10', 'f13', 'f15', 'f16'])
[backbone]: final latency: 19.16 ms ± 0.04 ms
score:  9.89, latency:  19.16, delta score: -6.7%, delta latency:  908.3%, reward: -4.13
==================================================[backbone] cfg 6==================================================
cfg: 6: {'connection': [3, 3, 3, 2, 3, 3, 3, 2, 2, 2, 2, 2, 2, 2, 2, 3, 3, 3], 'side': [3, 3, 3, 3, 3, 3, 3, 2, 3, 3, 2, 2, 3, 2, 3, 3, 3, 3, 3, 3], 'upsample': 1, 'all': [3, 3, 3, 2, 3, 3, 3, 2, 2, 2, 2, 2, 2, 2, 2, 3, 3, 3, 3, 3, 3, 3, 3, 3, 3, 2, 3, 3, 2, 2, 3, 2, 3, 3, 3, 3, 3, 3, 1], 'rf_conn_idx': [1, 1, 1, 1, 1, 1, 1, 1, 1, 1, 1, 1, 1, 1, 1, 1, 1, 1], 'rf_side_idx': [1, 1, 1, 1, 1, 1, 1, 1, 1, 1, 1, 1, 1, 1, 1, 1, 1, 1, 1, 1], 'connection_init': [1, 1, 1, 0, 1, 1, 1, 0, 0, 0, 0, 0, 0, 0, 0, 1, 1, 1], 'side_init': [1, 1, 1, 1, 1, 1, 1, 0, 1, 1, 0, 0, 1, 0, 1, 1, 1, 1, 1, 1]}
Net init weight
ResNet-LST backbone initialized from torchvision ResNet18 (120 tensors loaded)
allocate shm tensor dict_keys(['x', 'f0', 'f1', 'f2', 'f4', 'f5', 'f6', 'f15', 'f16'])
[backbone]: final latency: 19.25 ms ± 0.04 ms
score:  10.05, latency:  19.25, delta score: -5.2%, delta latency:  913.2%, reward: -3.83
  [GA] time=356.192s  mean_reward=-4.1323  best=-3.8269
  [Best@Gen] reward=-3.8269, score=10.0512, latency=19.250871333333333
trend of nas score and latency: [[(1e-06, 10.366388596491229, {'score': np.float64(10.07078061760989), 'latency': 21.596138333333332}), (1e-06, 8.338463333333333, {'score': np.float64(9.887351830804059), 'latency': 17.74308033333333}), (1e-06, 11.359223859649124, {'score': np.float64(9.964874974806872), 'latency': 23.48252533333333}), (1e-06, 9.06122754385965, {'score': np.float64(9.903267788063607), 'latency': 19.116332333333332}), (1e-06, 9.082648771929826, {'score': np.float64(9.890385341704972), 'latency': 19.157032666666666}), (1e-06, 9.13203754385965, {'score': np.float64(10.05120131498136), 'latency': 19.250871333333333})]]
HOF net_info list: [{'score': np.float64(10.07078061760989), 'latency': 21.596138333333332}, {'score': np.float64(9.887351830804059), 'latency': 17.74308033333333}, {'score': np.float64(9.903267788063607), 'latency': 19.116332333333332}, {'score': np.float64(10.05120131498136), 'latency': 19.250871333333333}]
final config init: {'rf_conn_idx': [1, 1, 1, 1, 1, 1, 1, 1, 1, 1, 1, 1, 1, 1, 1, 1, 1, 1], 'rf_side_idx': [1, 1, 1, 1, 1, 1, 1, 1, 1, 1, 1, 1, 1, 1, 1, 1, 1, 1, 1, 1], 'connection_init': [1, 1, 1, 0, 1, 1, 1, 0, 0, 0, 0, 0, 0, 0, 0, 1, 1, 1], 'side_init': [1, 1, 1, 1, 1, 1, 1, 0, 0, 1, 0, 0, 0, 0, 1, 1, 1, 1, 1, 1], 'upsample': 1}
final config: {'connection': [3, 3, 3, 2, 3, 3, 3, 2, 2, 2, 2, 2, 2, 2, 2, 3, 3, 3], 'side': [3, 3, 3, 3, 3, 3, 3, 2, 3, 3, 2, 2, 3, 2, 3, 3, 3, 3, 3, 3], 'upsample': 1, 'all': [3, 3, 3, 2, 3, 3, 3, 2, 2, 2, 2, 2, 2, 2, 2, 3, 3, 3, 3, 3, 3, 3, 3, 3, 3, 2, 3, 3, 2, 2, 3, 2, 3, 3, 3, 3, 3, 3, 1], 'rf_conn_idx': [1, 1, 1, 1, 1, 1, 1, 1, 1, 1, 1, 1, 1, 1, 1, 1, 1, 1], 'rf_side_idx': [1, 1, 1, 1, 1, 1, 1, 1, 1, 1, 1, 1, 1, 1, 1, 1, 1, 1, 1, 1], 'connection_init': [1, 1, 1, 0, 1, 1, 1, 0, 0, 0, 0, 0, 0, 0, 0, 1, 1, 1], 'side_init': [1, 1, 1, 1, 1, 1, 1, 0, 1, 1, 0, 0, 1, 0, 1, 1, 1, 1, 1, 1]}
[GLOBAL BEST] reward=-3.8269, score=10.0512, latency=19.250871333333333
HOF size=4 saved to hall_of_fame.json
best config: {'connection': [3, 3, 3, 2, 3, 3, 3, 2, 2, 2, 2, 2, 2, 2, 2, 3, 3, 3], 'side': [3, 3, 3, 3, 3, 3, 3, 2, 3, 3, 2, 2, 3, 2, 3, 3, 3, 3, 3, 3], 'upsample': 1, 'all': [3, 3, 3, 2, 3, 3, 3, 2, 2, 2, 2, 2, 2, 2, 2, 3, 3, 3, 3, 3, 3, 3, 3, 3, 3, 2, 3, 3, 2, 2, 3, 2, 3, 3, 3, 3, 3, 3, 1], 'rf_conn_idx': [1, 1, 1, 1, 1, 1, 1, 1, 1, 1, 1, 1, 1, 1, 1, 1, 1, 1], 'rf_side_idx': [1, 1, 1, 1, 1, 1, 1, 1, 1, 1, 1, 1, 1, 1, 1, 1, 1, 1, 1, 1], 'connection_init': [1, 1, 1, 0, 1, 1, 1, 0, 0, 0, 0, 0, 0, 0, 0, 1, 1, 1], 'side_init': [1, 1, 1, 1, 1, 1, 1, 0, 1, 1, 0, 0, 1, 0, 1, 1, 1, 1, 1, 1]}

[NAS] best config: {'connection': [3, 3, 3, 2, 3, 3, 3, 2, 2, 2, 2, 2, 2, 2, 2, 3, 3, 3], 'side': [3, 3, 3, 3, 3, 3, 3, 2, 3, 3, 2, 2, 3, 2, 3, 3, 3, 3, 3, 3], 'upsample': 1, 'all': [3, 3, 3, 2, 3, 3, 3, 2, 2, 2, 2, 2, 2, 2, 2, 3, 3, 3, 3, 3, 3, 3, 3, 3, 3, 2, 3, 3, 2, 2, 3, 2, 3, 3, 3, 3, 3, 3, 1], 'rf_conn_idx': [1, 1, 1, 1, 1, 1, 1, 1, 1, 1, 1, 1, 1, 1, 1, 1, 1, 1], 'rf_side_idx': [1, 1, 1, 1, 1, 1, 1, 1, 1, 1, 1, 1, 1, 1, 1, 1, 1, 1, 1, 1], 'connection_init': [1, 1, 1, 0, 1, 1, 1, 0, 0, 0, 0, 0, 0, 0, 0, 1, 1, 1], 'side_init': [1, 1, 1, 1, 1, 1, 1, 0, 1, 1, 0, 0, 1, 0, 1, 1, 1, 1, 1, 1]}
